<?php return array (
  0 => 'Symfony\\Bundle\\FrameworkBundle\\Controller\\AbstractController',
  1 => 'App\\Controller\\AccueilController',
  2 => 'App\\Controller\\AccueilShopController',
  3 => 'App\\Controller\\AcmeController',
  4 => 'App\\Controller\\ErrorController',
  5 => 'App\\Controller\\PanierController',
  6 => 'App\\Controller\\SecurityController',
  7 => 'App\\Entity\\Commande',
  8 => 'App\\Entity\\Compose',
  9 => 'App\\Entity\\DétailsCommande',
  10 => 'App\\Entity\\Historiquecommande',
  11 => 'App\\Entity\\Panier',
  12 => 'App\\Entity\\Produit',
  13 => 'App\\Entity\\Utilisateur',
  14 => 'Doctrine\\Bundle\\DoctrineBundle\\Controller\\ProfilerController',
  15 => 'Doctrine\\ORM\\Cache\\Persister\\Entity\\AbstractEntityPersister',
  16 => 'Doctrine\\ORM\\Cache\\Persister\\Entity\\CachedEntityPersister',
  17 => 'Doctrine\\ORM\\Cache\\Persister\\Entity\\NonStrictReadWriteCachedEntityPersister',
  18 => 'Doctrine\\ORM\\Cache\\Persister\\Entity\\ReadOnlyCachedEntityPersister',
  19 => 'Doctrine\\ORM\\Cache\\Persister\\Entity\\ReadWriteCachedEntityPersister',
  20 => 'Doctrine\\ORM\\Persisters\\Entity\\AbstractEntityInheritancePersister',
  21 => 'Doctrine\\ORM\\Persisters\\Entity\\BasicEntityPersister',
  22 => 'Doctrine\\ORM\\Persisters\\Entity\\CachedPersisterContext',
  23 => 'Doctrine\\ORM\\Persisters\\Entity\\EntityPersister',
  24 => 'Doctrine\\ORM\\Persisters\\Entity\\JoinedSubclassPersister',
  25 => 'Doctrine\\ORM\\Persisters\\Entity\\SingleTablePersister',
  26 => 'FOS\\RestBundle\\Controller\\AbstractFOSRestController',
  27 => 'FOS\\RestBundle\\Controller\\Annotations\\AbstractParam',
  28 => 'FOS\\RestBundle\\Controller\\Annotations\\AbstractScalarParam',
  29 => 'FOS\\RestBundle\\Controller\\Annotations\\Copy',
  30 => 'FOS\\RestBundle\\Controller\\Annotations\\Delete',
  31 => 'FOS\\RestBundle\\Controller\\Annotations\\FileParam',
  32 => 'FOS\\RestBundle\\Controller\\Annotations\\Get',
  33 => 'FOS\\RestBundle\\Controller\\Annotations\\Head',
  34 => 'FOS\\RestBundle\\Controller\\Annotations\\Link',
  35 => 'FOS\\RestBundle\\Controller\\Annotations\\Lock',
  36 => 'FOS\\RestBundle\\Controller\\Annotations\\Mkcol',
  37 => 'FOS\\RestBundle\\Controller\\Annotations\\Move',
  38 => 'FOS\\RestBundle\\Controller\\Annotations\\Options',
  39 => 'FOS\\RestBundle\\Controller\\Annotations\\ParamInterface',
  40 => 'FOS\\RestBundle\\Controller\\Annotations\\Patch',
  41 => 'FOS\\RestBundle\\Controller\\Annotations\\Post',
  42 => 'FOS\\RestBundle\\Controller\\Annotations\\PropFind',
  43 => 'FOS\\RestBundle\\Controller\\Annotations\\PropPatch',
  44 => 'FOS\\RestBundle\\Controller\\Annotations\\Put',
  45 => 'FOS\\RestBundle\\Controller\\Annotations\\QueryParam',
  46 => 'FOS\\RestBundle\\Controller\\Annotations\\RequestParam',
  47 => 'FOS\\RestBundle\\Controller\\Annotations\\Route',
  48 => 'FOS\\RestBundle\\Controller\\Annotations\\Unlink',
  49 => 'FOS\\RestBundle\\Controller\\Annotations\\Unlock',
  50 => 'FOS\\RestBundle\\Controller\\Annotations\\View',
  51 => 'FOS\\RestBundle\\Controller\\ControllerTrait',
  53 => 'Symfony\\Bundle\\FrameworkBundle\\Controller\\ControllerResolver',
  54 => 'Symfony\\Bundle\\FrameworkBundle\\Controller\\RedirectController',
  55 => 'Symfony\\Bundle\\FrameworkBundle\\Controller\\TemplateController',
  56 => 'Symfony\\Bundle\\WebProfilerBundle\\Controller\\ExceptionPanelController',
  57 => 'Symfony\\Bundle\\WebProfilerBundle\\Controller\\ProfilerController',
  58 => 'Symfony\\Bundle\\WebProfilerBundle\\Controller\\RouterController',
  59 => 'Symfony\\Component\\HttpKernel\\Controller\\ArgumentResolver',
  60 => 'Symfony\\Component\\HttpKernel\\Controller\\ArgumentResolverInterface',
  61 => 'Symfony\\Component\\HttpKernel\\Controller\\ArgumentResolver\\BackedEnumValueResolver',
  62 => 'Symfony\\Component\\HttpKernel\\Controller\\ArgumentResolver\\DateTimeValueResolver',
  63 => 'Symfony\\Component\\HttpKernel\\Controller\\ArgumentResolver\\DefaultValueResolver',
  64 => 'Symfony\\Component\\HttpKernel\\Controller\\ArgumentResolver\\NotTaggedControllerValueResolver',
  65 => 'Symfony\\Component\\HttpKernel\\Controller\\ArgumentResolver\\RequestAttributeValueResolver',
  66 => 'Symfony\\Component\\HttpKernel\\Controller\\ArgumentResolver\\RequestValueResolver',
  67 => 'Symfony\\Component\\HttpKernel\\Controller\\ArgumentResolver\\ServiceValueResolver',
  68 => 'Symfony\\Component\\HttpKernel\\Controller\\ArgumentResolver\\SessionValueResolver',
  69 => 'Symfony\\Component\\HttpKernel\\Controller\\ArgumentResolver\\TraceableValueResolver',
  70 => 'Symfony\\Component\\HttpKernel\\Controller\\ArgumentResolver\\UidValueResolver',
  71 => 'Symfony\\Component\\HttpKernel\\Controller\\ArgumentResolver\\VariadicValueResolver',
  72 => 'Symfony\\Component\\HttpKernel\\Controller\\ArgumentValueResolverInterface',
  73 => 'Symfony\\Component\\HttpKernel\\Controller\\ContainerControllerResolver',
  74 => 'Symfony\\Component\\HttpKernel\\Controller\\ControllerReference',
  75 => 'Symfony\\Component\\HttpKernel\\Controller\\ControllerResolver',
  76 => 'Symfony\\Component\\HttpKernel\\Controller\\ControllerResolverInterface',
  77 => 'Symfony\\Component\\HttpKernel\\Controller\\ErrorController',
  78 => 'Symfony\\Component\\HttpKernel\\Controller\\TraceableArgumentResolver',
  79 => 'Symfony\\Component\\HttpKernel\\Controller\\TraceableControllerResolver',
  80 => 'Symfony\\Component\\Security\\Http\\Controller\\UserValueResolver',
);